(1,1) Unclosed multiline comment lexeme {ops, \n            unclosed multiline comment\n       such a failure