                                                                 p                                                                   
                                                                 ┼                                                                   
                                                             MainBlock                                                               
       ┌─────────────────────────────────────────────────────────┴───────┐                                                           
      var                                                        CompoundStatement                                                   
       ┼               ┌─────────────────┬───────────┬─────┬─────┬─────┬─┴───┬─────┬───────────┬─────────────────┬─────────────┐     
 SimpleVarDecl         :=                :=          +=    +=    -=    -=    *=    *=          /=                /=         writeln  
 ┌──┬──┴─┐      ┌──────┴─┐        ┌──────┴─┐        ┌┴─┐  ┌┴─┐  ┌┴─┐  ┌┴─┐  ┌┴─┐  ┌┴─┐  ┌──────┴─┐        ┌──────┴─┐        ┌──┼     
 a  b  float    a  Cast to float  b  Cast to float  a  b  b  a  b  a  a  b  a  b  b  a  a  Cast to float  b  Cast to float  a  b     
                   ┌─────┴           ┌─────┴                                                ┌────┴            ┌────┴                 
                   1                 2                                                     100               100                     