                                a                                 
                                ┼                                 
                            MainBlock                             
       ┌────────────────────────┴──────┐                          
      var                      CompoundStatement                  
       ┼         ┌─────────────────────┴──┐                       
 SimpleVarDecl   :=                  IfStatement                  
 ┌─────┼        ┌┴─┐   ┌────────────┬─────┴────────────┐          
 i  integer     i  1   >    CompoundStatement  CompoundStatement  
                      ┌┴─┐   ┌──────┼           ┌──────┼          
                      i  0   +=   write         -=   write        
                            ┌┴─┐  ┌─┴          ┌┴─┐  ┌─┴          
                            i  2  i            i  2  i            