                      a                       
                      ┼                       
                  MainBlock                   
       ┌──────────────┴──────┐                
      var            CompoundStatement        
       ┼                     ┼                
 SimpleVarDecl          ForStatement          
 ┌─────┼        ┌────┬───────┴─────┐          
 i  integer     i  downto  CompoundStatement  
                   ┌─┴┐      ┌─────┴          
                   0  5    write              
                           ┌─┴                
                           i                  
