                                                                                                                                                                                                                                                                                                                                               a                                                                                                                                                                                                                                                                                                                                                
                                                                                                                                                                                                                                                                                                                                               ┼                                                                                                                                                                                                                                                                                                                                                
                                                                                                                                                                                                                                                                                                                                           MainBlock                                                                                                                                                                                                                                                                                                                                            
                                                                                                                                                          ┌────────────────────────────────────────────────────────────────────────────────────────────────────────────────────────────────────────────────────────────────────────────────────┴─────────────────────────────────────────────────────────────────────────────────────────────────────────────────────────────────────────────────────────┐                                                                                                                                                                                      
                                                                                                                                                        const                                                                                                                                                                                                                                                                                                                                    CompoundStatement                                                                                                                                                                              
     ┌──────────┬──────────┬───────────┬──────────┬───────────┬────────────┬────────────┬────────────┬──────────────┬───────────────┬──────────────┬──────┴───────┬───────────────┬────────────────┬────────────────┬────────────────┬────────────────┬──────────────────┬─────────────────┬────────────────┐               ┌──────────────┬──────────────┬──────────────┬──────────────┬──────────────┬───────────────┬────────────────┬────────────────┬─────────────────┬─────────────────┬───────────┴────┬─────────────────┬──────────────────┬──────────────────┬──────────────────┬──────────────────┬───────────────────┬────────────────────┬──────────────────┬──────────────┐        
     =          =          =           =          =           =            =            =            =              =               =              =              =               =                =                =                =                =                  =                 =                =          IfStatement    IfStatement    IfStatement    IfStatement    IfStatement    IfStatement     IfStatement      IfStatement      IfStatement       IfStatement       IfStatement      IfStatement       IfStatement        IfStatement        IfStatement        IfStatement        IfStatement         IfStatement          IfStatement        IfStatement    IfStatement   
 ┌───┴─┐    ┌───┴─┐    ┌───┴─┐     ┌───┴─┐    ┌───┴─┐     ┌───┴─┐     ┌────┴─┐     ┌────┴─┐     ┌────┴─┐       ┌────┴──┐       ┌────┴─┐       ┌────┴─┐       ┌────┴──┐       ┌────┴──┐       ┌─────┴─┐        ┌─────┴─┐        ┌─────┴─┐        ┌─────┴──┐        ┌──────┴──┐         ┌────┴──┐       ┌─────┴─┐        ┌────┴──┐      ┌────┴──┐      ┌────┴──┐      ┌────┴──┐      ┌────┴──┐      ┌────┴──┐       ┌────┴───┐       ┌────┴───┐       ┌────┴───┐        ┌────┴────┐       ┌────┴───┐       ┌────┴───┐        ┌────┴────┐        ┌────┴────┐        ┌────┴────┐        ┌────┴────┐        ┌────┴────┐         ┌────┴─────┐          ┌───┴──────┐      ┌────┴──┐      ┌────┴──┐     
 s1  2 > 1  s2  1 < 2  s3  2 <> 1  s4  2 = 2  s5  1 <= 2  s6  2 >= 1  s7  2.1 > 1  s8  1.1 < 2  s9  2.1 <> 1  s10  2.1 = 2.1  s11  1.1 <= 2  s12  2.1 >= 1  s13  2.1 > 1.1  s14  1.1 < 2.1  s15  2.1 <> 1.1  s16  1.1 <= 2.1  s17  2.1 >= 1.1  s18  true = true  s19  true <> false  s20  "c" = "c"  s21  "c" <> "a"   >    writeln   <    writeln   <>   writeln   =    writeln   <=   writeln   >=   writeln    >     writeln    <     writeln    <>    writeln     =      writeln    <=    writeln    >=    writeln     >      writeln     <      writeln     <>     writeln     <=     writeln     >=     writeln      =       writeln      <>       writeln   =    writeln   <>   writeln  
                                                                                                                                                                                                                                                                                                                      ┌┴─┐  ┌──┴     ┌┴─┐  ┌──┴     ┌┴─┐  ┌──┴     ┌┴─┐  ┌──┴     ┌┴─┐  ┌──┴     ┌┴─┐  ┌──┴      ┌┴──┐  ┌──┴      ┌┴──┐  ┌──┴      ┌┴──┐  ┌──┴      ┌─┴──┐    ┌─┴      ┌┴──┐   ┌─┴      ┌┴──┐   ┌─┴      ┌─┴──┐    ┌─┴      ┌─┴──┐    ┌─┴      ┌─┴──┐    ┌─┴      ┌─┴──┐    ┌─┴      ┌─┴──┐    ┌─┴      ┌──┴──┐     ┌─┴      ┌───┴──┐     ┌─┴     ┌┴─┐   ┌─┴     ┌┴─┐   ┌─┴     
                                                                                                                                                                                                                                                                                                                      2  1  s1       1  2  s2       2  1  s3       2  2  s4       1  2  s5       2  1  s6       2.1  1  s7       1.1  2  s8       2.1  1  s9       2.1  2.1  s10      1.1  2  s11      2.1  1  s12      2.1  1.1  s13      1.1  2.1  s14      2.1  1.1  s15      1.1  2.1  s16      2.1  1.1  s17      true  true  s18      true  false  s19      c  c  s20      c  a  s21      