                                                                         a                                                                          
                                                                         ┼                                                                          
                                                                     MainBlock                                                                      
                      ┌──────────────────────────────────────────────────┴─────────────────────┐                                                    
                     var                                                               CompoundStatement                                            
       ┌──────────────┴──────────────┐          ┌──────┬─────┬─────────────────────────────────┴──────┬────────────────────────────────────────┐    
 SimpleVarDecl  SimpleVarDecl  SimpleVarDecl    :=     :=    :=                                      :=                                      write  
 ┌────┬┴        ┌─────┼        ┌─────┼        ┌─┴─┐   ┌┴─┐  ┌┴─┐  ┌───────────────────────────────────┴┐                                     ┌─┴    
 i  float       d  integer     c  integer     i  1.1  d  2  c  3  i                                    +                                     i      
                                                                                                ┌──────┴────────────────────────────┐               
                                                                                                -                             Cast to float         
                                                                           ┌────────────────────┴──────┐                         ┌──┴               
                                                                     Cast to float                     /                        mod                 
                                                                        ┌──┴          ┌────────────────┴───┐                  ┌──┴─┐                
                                                                        +            shl                   *                  c  10000              
                                                                      ┌─┴──┐        ┌─┴┐             ┌─────┴───────────┐                            
                                                                      *    c        c  15            *                div                           
                                                                     ┌┴─┐                   ┌────────┴──┐            ┌─┴──┐                         
                                                                     5  d                  shr          +            -    10                        
                                                                                           ┌┴─┐  ┌──────┴─┐        ┌─┴┐                             
                                                                                           +  1  i  Cast to float  d  -                             
                                                                                           ┼        ┌─────┴           ┼                             
                                                                                           8        2                 10                            
