                a                  
                ┼                  
            MainBlock              
       ┌────────┴───────┐          
      var       CompoundStatement  
       ┼         ┌──────┴┐         
 SimpleVarDecl   :=   writeln      
 ┌─────┼        ┌┴─┐  ┌──┴         
 a  integer     a  -  a            
                   ┼               
                   1               
