               project1                 
                   ┼                    
               MainBlock                
       ┌───────────┴──────┐             
      var         CompoundStatement     
       ┼         ┌────────┴──┐          
 SimpleVarDecl   :=   DoWhileStatement  
 ┌─────┼        ┌┴─┐   ┌─────┼          
 i  integer     i  0   <     +=         
                      ┌┴─┐  ┌┴─┐        
                      i  2  i  1        