(1,1) Unclosed string constant lexeme 'Unclosed constant string