(1, 1)    | And                 | And                           | and                           |
(2, 1)    | Array               | Array                         | array                         |
(3, 1)    | Begin               | Begin                         | begin                         |
(4, 1)    | Case                | Case                          | case                          |
(5, 1)    | Const               | Const                         | const                         |
(6, 1)    | Div                 | Div                           | div                           |
(7, 1)    | Do                  | Do                            | do                            |
(8, 1)    | Downto              | Downto                        | downto                        |
(9, 1)    | Else                | Else                          | else                          |
(10, 1)   | End                 | End                           | end                           |
(11, 1)   | File                | File                          | file                          |
(12, 1)   | For                 | For                           | for                           |
(13, 1)   | Function            | Function                      | function                      |
(14, 1)   | Goto                | Goto                          | goto                          |
(15, 1)   | If                  | If                            | if                            |
(16, 1)   | In                  | In                            | in                            |
(17, 1)   | Label               | Label                         | label                         |
(18, 1)   | Mod                 | Mod                           | mod                           |
(19, 1)   | Nil                 | Nil                           | nil                           |
(20, 1)   | Not                 | Not                           | not                           |
(21, 1)   | Of                  | Of                            | of                            |
(22, 1)   | Or                  | Or                            | or                            |
(23, 1)   | Packed              | Packed                        | packed                        |
(24, 1)   | Procedure           | Procedure                     | procedure                     |
(25, 1)   | Program             | Program                       | program                       |
(26, 1)   | Record              | Record                        | record                        |
(27, 1)   | Repeat              | Repeat                        | repeat                        |
(28, 1)   | Set                 | Set                           | set                           |
(29, 1)   | Then                | Then                          | then                          |
(30, 1)   | To                  | To                            | to                            |
(31, 1)   | Type                | Type                          | type                          |
(32, 1)   | Until               | Until                         | until                         |
(33, 1)   | Var                 | Var                           | var                           |
(34, 1)   | While               | While                         | while                         |
(35, 1)   | With                | With                          | with                          |
(36, 1)   | Abs                 | Abs                           | abs                           |
(37, 1)   | Arctan              | Arctan                        | arctan                        |
(38, 1)   | Ident               | Boolean                       | boolean                       |
(39, 1)   | Ident               | Char                          | char                          |
(40, 1)   | Chr                 | Chr                           | chr                           |
(41, 1)   | Cos                 | Cos                           | cos                           |
(42, 1)   | Dispose             | Dispose                       | dispose                       |
(43, 1)   | Eof                 | Eof                           | eof                           |
(44, 1)   | Eoln                | Eoln                          | eoln                          |
(45, 1)   | Exp                 | Exp                           | exp                           |
(46, 1)   | False               | False                         | False                         |
(47, 1)   | Get                 | Get                           | get                           |
(48, 1)   | Input               | Input                         | input                         |
(49, 1)   | Ident               | Integer                       | integer                       |
(50, 1)   | Ln                  | Ln                            | ln                            |
(51, 1)   | Maxint              | Maxint                        | maxint                        |
(52, 1)   | Minint              | Minint                        | minint                        |
(53, 1)   | New                 | New                           | new                           |
(54, 1)   | Odd                 | Odd                           | odd                           |
(55, 1)   | Ord                 | Ord                           | ord                           |
(56, 1)   | Output              | Output                        | output                        |
(57, 1)   | Pack                | Pack                          | pack                          |
(58, 1)   | Page                | Page                          | page                          |
(59, 1)   | Pred                | Pred                          | pred                          |
(60, 1)   | Put                 | Put                           | put                           |
(61, 1)   | Read                | Read                          | read                          |
(62, 1)   | Readln              | Readln                        | readln                        |
(63, 1)   | Real                | Real                          | real                          |
(64, 1)   | Reset               | Reset                         | reset                         |
(65, 1)   | Rewrite             | Rewrite                       | rewrite                       |
(66, 1)   | Round               | Round                         | round                         |
(67, 1)   | Sin                 | Sin                           | sin                           |
(68, 1)   | Sqr                 | Sqr                           | sqr                           |
(69, 1)   | Sqrt                | Sqrt                          | sqrt                          |
(70, 1)   | Succ                | Succ                          | succ                          |
(71, 1)   | Text                | Text                          | text                          |
(72, 1)   | True                | True                          | True                          |
(73, 1)   | Trunc               | Trunc                         | trunc                         |
(74, 1)   | Unpack              | Unpack                        | unpack                        |
(75, 1)   | Write               | Write                         | write                         |
(76, 1)   | WriteLn             | Writeln                       | writeln                       |