                                                                                                                                            a                                                                                                                                            
                                                                                                                                            ┼                                                                                                                                            
                                                                                                                                        MainBlock                                                                                                                                        
                                                                                                                                  ┌─────────┴──────────────────────────────────────────────────────────────────────────────────────────────────────────────────────────────────┐         
                                                                                                                                 var                                                                                                                                   CompoundStatement 
       ┌──────────────┬───────────────────────┬─────────────────────────────┬──────────────────────────────┬──────────────────────┴────────┬──────────────────────────────────────────┬─────────────────────────────────────────────────────┐                                            
 SimpleVarDecl  SimpleVarDecl           SimpleVarDecl                 SimpleVarDecl                  SimpleVarDecl                   SimpleVarDecl                              SimpleVarDecl                                         SimpleVarDecl                                      
 ┌─────┼        ┌─────┴─┐       ┌─────────────┴──┐                ┌─────────┴──┐             ┌─────────────┴───┐                 ┌─────────┴───┐              ┌───────────────────────┴────┐                            ┌───────────────────┴────┐                                       
 e  function    ee  procedure  eee           function            eeee      procedure       eeeee           function            eeeeee      procedure       eeeeeee                     function                      eeeeeeee                procedure                                   
       ┼                                    ┌────┴─────────┐                   ┼                          ┌────┴─────────┐                     ┼                            ┌──────────────┴────┬──────────────┐                       ┌─────────┴─────────┐                             
    integer                         FormalParamSection  integer        FormalParamSection         FormalParamSection  integer          FormalParamSection           FormalParamSection  FormalParamSection  integer            FormalParamSection  FormalParamSection                    
                                    ┌──────┬┴                          ┌──────┬┴                  ┌──┬────┴─┐                          ┌──┬────┴─┐                  ┌──┬────┴─┐         ┌──────┬┴                              ┌──┬────┴─┐         ┌──────┬┴                             
                                    i  SimpleType                      i  SimpleType              i  b  SimpleType                     i  b  SimpleType             i  b  SimpleType    t  SimpleType                          i  b  SimpleType    t  SimpleType                         
                                          ┌┴                                 ┌┴                            ┌┴                                   ┌┴                           ┌┴              ┌─┴                                        ┌┴              ┌─┴                              
                                       integer                            integer                       integer                              integer                      integer          float                                     integer          float                              
