                                              p                                                
                                              ┼                                                
                                          MainBlock                                            
       ┌──────────────────────────────────────┴───────┐                                        
      var                                     CompoundStatement                                
       ┼         ┌─────┬─────┬─────┬─────┬─────┬─────┬┴────┬──────┬───────┬───────────┐        
 SimpleVarDecl   :=    :=    +=    +=    -=    -=    *=    *=     /=      /=    FunctionCall   
 ┌──┬──┴─┐      ┌┴─┐  ┌┴─┐  ┌┴─┐  ┌┴─┐  ┌┴─┐  ┌┴─┐  ┌┴─┐  ┌┴─┐  ┌─┴─┐   ┌─┴─┐      ┌──┴──┬──┐  
 a  b  float    a  1  b  2  a  b  b  a  b  a  a  b  a  b  b  a  a  100  b  100  writeln  a  b  