                              a                                
                              ┼                                
                          MainBlock                            
       ┌──────────────────────┴───────┐                        
      var                     CompoundStatement                
       ┼         ┌────────────────┬───┴───────────────┐        
 SimpleVarDecl   :=          IfStatement         FunctionCall  
 ┌─────┴┐       ┌┴─┐     ┌────────┴───┐            ┌──┴─┐      
 i  SimpleType  i  3     =       IfStatement     write  i      
       ┌┴              ┌─┴──┐   ┌─────┴─────┐                  
    integer            +    2   <>    :=    :=                 
                      ┌┴─┐     ┌┴─┐  ┌┴─┐  ┌┴─┐                
                      1  1     i  3  i  3  i  4                