                                 a                                  
                                 ┼                                  
                             MainBlock                              
       ┌─────────────────────────┴──────┐                           
      var                       CompoundStatement                   
       ┼         ┌──────────────────────┴──┐                        
 SimpleVarDecl   :=                   IfStatement                   
 ┌─────┼        ┌┴─┐   ┌────────────┬──────┴────────────┐           
 i  integer     i  1   >    CompoundStatement   CompoundStatement   
                      ┌┴─┐   ┌──────┴──┐         ┌──────┴──┐        
                      i  0   +=   FunctionCall   -=   FunctionCall  
                            ┌┴─┐    ┌──┴─┐      ┌┴─┐    ┌──┴─┐      
                            i  2  write  i      i  2  write  i      