                   a                    
                   ┼                    
               MainBlock                
       ┌───────────┴──────┐             
      var         CompoundStatement     
       ┼         ┌────────┴──┐          
 SimpleVarDecl   :=     IfStatement     
 ┌─────┼        ┌┴─┐   ┌─────┴─────┐    
 i  integer     i  1   >    pass  pass  
                      ┌┴─┐              
                      i  0              