                  a                    
                  ┼                    
              MainBlock                
       ┌──────────┴───────┐            
      var         CompoundStatement    
       ┼                  ┼            
 SimpleVarDecl      ForStatement       
 ┌─────┴┐       ┌───┬─────┴───┐        
 i  SimpleType  i   to   FunctionCall  
       ┌┴          ┌┴─┐    ┌──┴─┐      
    integer        0  5  write  i      