                      a                       
                      ┼                       
                  MainBlock                   
       ┌──────────────┴──────┐                
      var            CompoundStatement        
       ┼                     ┼                
 SimpleVarDecl          ForStatement          
 ┌─────┴┐       ┌────┬───────┴─────┐          
 i  SimpleType  i  downto  CompoundStatement  
       ┌┴          ┌─┴┐         ┌──┴          
    integer        0  5    FunctionCall       
                             ┌──┴─┐           
                           write  i           