                                                           a                                                             
                                                           ┼                                                             
                                                       MainBlock                                                         
                          ┌────────────────────────────────┴──────────────────────────┐                                  
                         var                                                  CompoundStatement                          
        ┌─────────────────┴─────────────────┐                                  ┌──────┴─────────────────────────┐        
   InitVarDecl       InitVarDecl       InitVarDecl                             :=                          FunctionCall  
 ┌──────┴───────┐  ┌──────┴───────┐  ┌──────┴───────┐  ┌───────────────────────┴─┐                           ┌──┴─┐      
 i  SimpleType  1  d  SimpleType  2  c  SimpleType  3  i                         +                         write  i      
      ┌─┴                ┌┴                ┌┴                               ┌────┴──────────────────┐                    
    float             integer           integer                             -                      mod                   
                                                             ┌──────────────┴───┐                ┌──┴─┐                  
                                                             +                  /                c  10000                
                                                           ┌─┴──┐    ┌──────────┴───┐                                    
                                                           *    c   shl             *                                    
                                                          ┌┴─┐     ┌─┴┐       ┌─────┴─────┐                              
                                                          5  d     c  15      *          div                             
                                                                           ┌──┴──┐      ┌─┴──┐                           
                                                                          shr    +      -    10                          
                                                                          ┌┴─┐  ┌┴─┐  ┌─┴┐                               
                                                                          +  1  i  2  d  -                               
                                                                          ┼              ┼                               
                                                                          8              10                              