       helloworld        
           ┼             
       MainBlock         
           ┼             
   CompoundStatement     
           ┼             
      FunctionCall       
    ┌──────┴────┐        
 writeln  Hello, world!  