                                    a                                      
                                    ┼                                      
                                MainBlock                                  
             ┌──────────────────────┴──────────────────────┐               
           const                   var             CompoundStatement       
          ┌──┴──────────┐           ┼                      ┼               
          =             =      InitVarDecl            ForStatement         
   ┌──────┴───┐        ┌┴─┐  ┌──────┴───────┐  ┌─────┬─────┴─────┐         
 hello  Hello, world!  n  5  i  SimpleType  0  i    to      FunctionCall   
                                   ┌┴             ┌──┴┐       ┌──┴────┐    
                                integer           0   -    writeln  hello  
                                                     ┌┴─┐                  
                                                     n  1                  