                a                  
                ┼                  
            MainBlock              
       ┌────────┴───────┐          
      var       CompoundStatement  
       ┼             ┌──┴          
 SimpleVarDecl  FunctionCall       
 ┌─────┴┐          ┌─┴───┐         
 a  SimpleType  writeln  -         
       ┌┴                ┼         
    integer              1         