               project1                 
                   ┼                    
               MainBlock                
       ┌───────────┴──────┐             
      var         CompoundStatement     
       ┼         ┌────────┴──┐          
 SimpleVarDecl   :=   DoWhileStatement  
 ┌─────┴┐       ┌┴─┐   ┌─────┼          
 i  SimpleType  i  0   <     +=         
       ┌┴             ┌┴─┐  ┌┴─┐        
    integer           i  2  i  1        