                                                          project1                                                           
                                                             ┼                                                               
                                                         MainBlock                                                           
                ┌───────────────────────┬────────────────────┴───────────────────────┐                                       
              type                     var                                   CompoundStatement                               
                ┼                       ┼               ┌────────────────┬───────────┴──────┬────────────────────┐           
            TypeDecl              SimpleVarDecl        :=               :=            FunctionCall         FunctionCall      
 ┌──────────────┴┐                ┌─────┴┐            ┌─┴──────┐       ┌─┴──────┐    ┌──────┴──┐          ┌──────┴──┐        
 a           RecordType           i  SimpleType  RecordAccess  0  RecordAccess  4  write  RecordAccess  write  RecordAccess  
          ┌──────┴───────┐           ┌───┴       ┌──┬─┴           ┌──┬─┴                  ┌──┬─┴               ┌──┬─┴        
          :              :           a           i  k             i  l                    i  k                 i  l          
    ┌─────┴┐       ┌─────┴┐                                                                                                  
    k  SimpleType  l  SimpleType                                                                                             
          ┌┴             ┌┴                                                                                                  
       integer        integer                                                                                                