                                                                project1                                                                 
                                                                   ┼                                                                     
                                                               MainBlock                                                                 
                   ┌──────────────────────────┬────────────────────┴──────────────────────────┐                                          
                 type                        var                                      CompoundStatement                                  
                   ┼                          ┼                ┌──────────────────┬───────────┴───────┬──────────────────────┐           
               TypeDecl                 SimpleVarDecl          :=                :=              FunctionCall          FunctionCall      
 ┌─────────────────┴┐                   ┌─────┴┐              ┌┴────────┐       ┌─┴──────┐    ┌───────┴───┐           ┌──────┴──┐        
 a              RecordType              i  SimpleType    ArrayAccess    0  RecordAccess  4  write    ArrayAccess    write  RecordAccess  
             ┌──────┴──────────┐           ┌───┴            ┌─┴──────┐     ┌──┬─┴                       ┌─┴──────┐         ┌──┬─┴        
             :                 :           a           RecordAccess  0     i  l                    RecordAccess  2         i  l          
    ┌────────┴┐          ┌─────┴┐                      ┌──┬─┴                                      ┌──┬─┴                                
    k     ArrayType      l  SimpleType                 i  k                                        i  k                                  
        ┌─────┴──┐             ┌┴                                                                                                        
        ..   SimpleType     integer                                                                                                      
       ┌┴─┐     ┌┴                                                                                                                       
       0  5  integer                                                                                                                     