Error on (1,1) in &12834: Additional non-parsable characters are at the end of the string.