Error on (1,1) in &12345123451234523456712381351253: Value was either too large or too small for a UInt64.