Error on (1,1) in %11111111111111111111111111111111111111111111111111111111111111100101: Value was either too large or too small for a UInt32.