1,1 PROGRAM program program
1,9 IDENT project project
1,16 SEMICOLON ; ;
2,1 VAR var var
2,5 IDENT a a
2,6 COLON : :
2,8 INTEGER integer Integer
2,15 SEMICOLON ; ;
3,1 BEGIN begin begin
4,1 IDENT a a
4,5 SMP_ASSIGN := :=
4,8 TYPE_INTEGER 2 2
4,9 SEMICOLON ; ;
5,1 TYPE_INTEGER 12 12
5,5 SEMICOLON ; ;
6,1 END end end
6,4 DOT . .      
