1,1 TYPE_INTEGER 1 1
1,3 TYPE_INTEGER 2 2
1,5 TYPE_INTEGER 3 3
1,7 TYPE_INTEGER 4 4
1,9 TYPE_INTEGER 5 5
1,11 TYPE_INTEGER 6 6
1,13 TYPE_INTEGER 7 7
1,15 TYPE_INTEGER 8 8
1,17 TYPE_INTEGER 9 9
2,1 TYPE_INTEGER 10 10
2,4 TYPE_INTEGER 11 11
2,7 TYPE_INTEGER 12 12
2,10 TYPE_INTEGER 13 13
2,13 TYPE_INTEGER 14 14
2,16 TYPE_INTEGER 15 15
2,19 TYPE_INTEGER 16 16
2,22 TYPE_INTEGER 17 17
2,25 TYPE_INTEGER 18 18
2,28 TYPE_INTEGER 19 19
3,1 TYPE_INTEGER 20 20
3,4 TYPE_INTEGER 21 21
3,7 TYPE_INTEGER 22 22
3,10 TYPE_INTEGER 23 23
3,13 TYPE_INTEGER 24 24
3,16 TYPE_INTEGER 25 25
3,19 TYPE_INTEGER 26 26
3,22 TYPE_INTEGER 27 27
3,25 TYPE_INTEGER 28 28
3,28 TYPE_INTEGER 29 29
4,1 TYPE_INTEGER 30 30
4,4 TYPE_INTEGER 31 31
4,7 TYPE_INTEGER 32 32
4,10 TYPE_INTEGER 33 33
4,13 TYPE_INTEGER 34 34
4,16 TYPE_INTEGER 35 35
4,19 TYPE_INTEGER 36 36
4,22 TYPE_INTEGER 37 37
4,25 TYPE_INTEGER 38 38
4,28 TYPE_INTEGER 39 39
5,1 TYPE_INTEGER 40 40
5,4 TYPE_INTEGER 41 41
5,7 TYPE_INTEGER 42 42
5,10 TYPE_INTEGER 43 43
5,13 TYPE_INTEGER 44 44
5,16 TYPE_INTEGER 45 45
5,19 TYPE_INTEGER 46 46
5,22 TYPE_INTEGER 47 47
5,25 TYPE_INTEGER 48 48
5,28 TYPE_INTEGER 49 49