1,1 TYPE_INTEGER 42 %101010
1,9 TYPE_INTEGER 16 %10000
1,16 TYPE_INTEGER 1 %001